============================= test session starts =============================
platform win32 -- Python 3.13.5, pytest-8.3.4, pluggy-1.6.0
rootdir: C:\Users\yasaswi\OneDrive\Desktop\Vakeel-Saab\backend
plugins: anyio-4.14.2, asyncio-0.25.0
asyncio: mode=Mode.STRICT, asyncio_default_fixture_loop_scope=None
collected 9 items

tests\test_main.py .........                                             [100%]

============================== warnings summary ===============================
.venv\Lib\site-packages\pydantic\_internal\_config.py:295
.venv\Lib\site-packages\pydantic\_internal\_config.py:295
.venv\Lib\site-packages\pydantic\_internal\_config.py:295
  C:\Users\yasaswi\OneDrive\Desktop\Vakeel-Saab\backend\.venv\Lib\site-packages\pydantic\_internal\_config.py:295: PydanticDeprecatedSince20: Support for class-based `config` is deprecated, use ConfigDict instead. Deprecated in Pydantic V2.0 to be removed in V3.0. See Pydantic V2 Migration Guide at https://errors.pydantic.dev/2.10/migration/
    warnings.warn(DEPRECATION_MESSAGE, DeprecationWarning)

-- Docs: https://docs.pytest.org/en/stable/how-to/capture-warnings.html
======================== 9 passed, 3 warnings in 0.82s ========================
